Archive member included to satisfy reference by file (symbol)

c:/mounriver/mounriver_studio2/resources/app/resources/win32/components/wch/toolchain/risc-v embedded gcc/bin/../lib/gcc/riscv-none-embed/8.2.0/rv32imacxw/ilp32\libgcc.a(save-restore.o)
                              ./User/main.o (__riscv_save_9)
c:/mounriver/mounriver_studio2/resources/app/resources/win32/components/wch/toolchain/risc-v embedded gcc/bin/../lib/gcc/riscv-none-embed/8.2.0/../../../../riscv-none-embed/lib/rv32imacxw/ilp32\libg_nano.a(lib_a-memcpy.o)
                              ./User/usb/ch32v30x_usbhs_device.o (memcpy)
c:/mounriver/mounriver_studio2/resources/app/resources/win32/components/wch/toolchain/risc-v embedded gcc/bin/../lib/gcc/riscv-none-embed/8.2.0/../../../../riscv-none-embed/lib/rv32imacxw/ilp32\libg_nano.a(lib_a-memset.o)
                              ./User/main.o (memset)

Discarded input sections

 .text          0x0000000000000000        0x0 ./User/usb/ch32v30x_usbhs_device.o
 .data          0x0000000000000000        0x0 ./User/usb/ch32v30x_usbhs_device.o
 .bss           0x0000000000000000        0x0 ./User/usb/ch32v30x_usbhs_device.o
 .text.USBHS_Endp_DataUp
                0x0000000000000000      0x122 ./User/usb/ch32v30x_usbhs_device.o
 .text.USBHS_Send_Resume
                0x0000000000000000        0x2 ./User/usb/ch32v30x_usbhs_device.o
 .text.HID_GetDataLen
                0x0000000000000000        0xa ./User/usb/ch32v30x_usbhs_device.o
 .text          0x0000000000000000        0x0 ./User/usb/usb_conf.o
 .data          0x0000000000000000        0x0 ./User/usb/usb_conf.o
 .bss           0x0000000000000000        0x0 ./User/usb/usb_conf.o
 .text          0x0000000000000000        0x0 ./User/usb/usb_desc.o
 .data          0x0000000000000000        0x0 ./User/usb/usb_desc.o
 .bss           0x0000000000000000        0x0 ./User/usb/usb_desc.o
 .rodata.MyBOSDesc
                0x0000000000000000        0xc ./User/usb/usb_desc.o
 .text          0x0000000000000000        0x0 ./User/ch32v30x_it.o
 .data          0x0000000000000000        0x0 ./User/ch32v30x_it.o
 .bss           0x0000000000000000        0x0 ./User/ch32v30x_it.o
 .text          0x0000000000000000        0x0 ./User/main.o
 .data          0x0000000000000000        0x0 ./User/main.o
 .bss           0x0000000000000000        0x0 ./User/main.o
 .text          0x0000000000000000        0x0 ./User/system_ch32v30x.o
 .data          0x0000000000000000        0x0 ./User/system_ch32v30x.o
 .bss           0x0000000000000000        0x0 ./User/system_ch32v30x.o
 .text          0x0000000000000000        0x0 ./Startup/startup_ch32v30x_D8C.o
 .data          0x0000000000000000        0x0 ./Startup/startup_ch32v30x_D8C.o
 .bss           0x0000000000000000        0x0 ./Startup/startup_ch32v30x_D8C.o
 .text          0x0000000000000000        0x0 ./Peripheral/src/ch32v30x_adc.o
 .data          0x0000000000000000        0x0 ./Peripheral/src/ch32v30x_adc.o
 .bss           0x0000000000000000        0x0 ./Peripheral/src/ch32v30x_adc.o
 .text.ADC_DeInit
                0x0000000000000000       0x5a ./Peripheral/src/ch32v30x_adc.o
 .text.ADC_Init
                0x0000000000000000       0x56 ./Peripheral/src/ch32v30x_adc.o
 .text.ADC_StructInit
                0x0000000000000000       0x1a ./Peripheral/src/ch32v30x_adc.o
 .text.ADC_Cmd  0x0000000000000000       0x10 ./Peripheral/src/ch32v30x_adc.o
 .text.ADC_DMACmd
                0x0000000000000000       0x12 ./Peripheral/src/ch32v30x_adc.o
 .text.ADC_ITConfig
                0x0000000000000000       0x16 ./Peripheral/src/ch32v30x_adc.o
 .text.ADC_ResetCalibration
                0x0000000000000000        0xa ./Peripheral/src/ch32v30x_adc.o
 .text.ADC_GetResetCalibrationStatus
                0x0000000000000000        0x8 ./Peripheral/src/ch32v30x_adc.o
 .text.ADC_StartCalibration
                0x0000000000000000        0xa ./Peripheral/src/ch32v30x_adc.o
 .text.ADC_GetCalibrationStatus
                0x0000000000000000        0x8 ./Peripheral/src/ch32v30x_adc.o
 .text.ADC_SoftwareStartConvCmd
                0x0000000000000000       0x18 ./Peripheral/src/ch32v30x_adc.o
 .text.ADC_GetSoftwareStartConvStatus
                0x0000000000000000        0x8 ./Peripheral/src/ch32v30x_adc.o
 .text.ADC_DiscModeChannelCountConfig
                0x0000000000000000       0x12 ./Peripheral/src/ch32v30x_adc.o
 .text.ADC_DiscModeCmd
                0x0000000000000000       0x1a ./Peripheral/src/ch32v30x_adc.o
 .text.ADC_RegularChannelConfig
                0x0000000000000000       0xb8 ./Peripheral/src/ch32v30x_adc.o
 .text.ADC_ExternalTrigConvCmd
                0x0000000000000000       0x18 ./Peripheral/src/ch32v30x_adc.o
 .text.ADC_GetConversionValue
                0x0000000000000000        0x8 ./Peripheral/src/ch32v30x_adc.o
 .text.ADC_GetDualModeConversionValue
                0x0000000000000000        0xa ./Peripheral/src/ch32v30x_adc.o
 .text.ADC_AutoInjectedConvCmd
[...]
Memory Configuration

Name             Origin             Length             Attributes
FLASH            0x0000000000000000 0x0000000000002000 xr
RAM              0x0000000020000000 0x0000000000008000 xrw
*default*        0x0000000000000000 0xffffffffffffffff

Linker script and memory map

LOAD ./User/usb/ch32v30x_usbhs_device.o
LOAD ./User/usb/usb_conf.o
LOAD ./User/usb/usb_desc.o
LOAD ./User/ch32v30x_it.o
LOAD ./User/main.o
LOAD ./User/system_ch32v30x.o
LOAD ./Startup/startup_ch32v30x_D8C.o
LOAD ./Peripheral/src/ch32v30x_adc.o
LOAD ./Peripheral/src/ch32v30x_bkp.o
LOAD ./Peripheral/src/ch32v30x_can.o
LOAD ./Peripheral/src/ch32v30x_crc.o
LOAD ./Peripheral/src/ch32v30x_dac.o
LOAD ./Peripheral/src/ch32v30x_dbgmcu.o
LOAD ./Peripheral/src/ch32v30x_dma.o
LOAD ./Peripheral/src/ch32v30x_dvp.o
LOAD ./Peripheral/src/ch32v30x_eth.o
LOAD ./Peripheral/src/ch32v30x_exti.o
LOAD ./Peripheral/src/ch32v30x_flash.o
LOAD ./Peripheral/src/ch32v30x_fsmc.o
LOAD ./Peripheral/src/ch32v30x_gpio.o
LOAD ./Peripheral/src/ch32v30x_i2c.o
LOAD ./Peripheral/src/ch32v30x_iwdg.o
LOAD ./Peripheral/src/ch32v30x_misc.o
LOAD ./Peripheral/src/ch32v30x_opa.o
LOAD ./Peripheral/src/ch32v30x_pwr.o
LOAD ./Peripheral/src/ch32v30x_rcc.o
LOAD ./Peripheral/src/ch32v30x_rng.o
LOAD ./Peripheral/src/ch32v30x_rtc.o
LOAD ./Peripheral/src/ch32v30x_sdio.o
LOAD ./Peripheral/src/ch32v30x_spi.o
LOAD ./Peripheral/src/ch32v30x_tim.o
LOAD ./Peripheral/src/ch32v30x_usart.o
LOAD ./Peripheral/src/ch32v30x_wwdg.o
LOAD ./Debug/debug.o
LOAD ./Core/core_riscv.o
LOAD c:/mounriver/mounriver_studio2/resources/app/resources/win32/components/wch/toolchain/risc-v embedded gcc/bin/../lib/gcc/riscv-none-embed/8.2.0/../../../../riscv-none-embed/lib/rv32imacxw/ilp32\libstdc++_nano.a
LOAD c:/mounriver/mounriver_studio2/resources/app/resources/win32/components/wch/toolchain/risc-v embedded gcc/bin/../lib/gcc/riscv-none-embed/8.2.0/../../../../riscv-none-embed/lib/rv32imacxw/ilp32\libm.a
LOAD c:/mounriver/mounriver_studio2/resources/app/resources/win32/components/wch/toolchain/risc-v embedded gcc/bin/../lib/gcc/riscv-none-embed/8.2.0/rv32imacxw/ilp32\libgcc.a
LOAD c:/mounriver/mounriver_studio2/resources/app/resources/win32/components/wch/toolchain/risc-v embedded gcc/bin/../lib/gcc/riscv-none-embed/8.2.0/../../../../riscv-none-embed/lib/rv32imacxw/ilp32\libg_nano.a
LOAD c:/mounriver/mounriver_studio2/resources/app/resources/win32/components/wch/toolchain/risc-v embedded gcc/bin/../lib/gcc/riscv-none-embed/8.2.0/../../../../riscv-none-embed/lib/rv32imacxw/ilp32\libc_nano.a
LOAD c:/mounriver/mounriver_studio2/resources/app/resources/win32/components/wch/toolchain/risc-v embedded gcc/bin/../lib/gcc/riscv-none-embed/8.2.0/rv32imacxw/ilp32\libgcc.a
START GROUP
LOAD c:/mounriver/mounriver_studio2/resources/app/resources/win32/components/wch/toolchain/risc-v embedded gcc/bin/../lib/gcc/riscv-none-embed/8.2.0/rv32imacxw/ilp32\libgcc.a
LOAD c:/mounriver/mounriver_studio2/resources/app/resources/win32/components/wch/toolchain/risc-v embedded gcc/bin/../lib/gcc/riscv-none-embed/8.2.0/../../../../riscv-none-embed/lib/rv32imacxw/ilp32\libc_nano.a
LOAD c:/mounriver/mounriver_studio2/resources/app/resources/win32/components/wch/toolchain/risc-v embedded gcc/bin/../lib/gcc/riscv-none-embed/8.2.0/../../../../riscv-none-embed/lib/rv32imacxw/ilp32\libnosys.a
END GROUP
START GROUP
LOAD c:/mounriver/mounriver_studio2/resources/app/resources/win32/components/wch/toolchain/risc-v embedded gcc/bin/../lib/gcc/riscv-none-embed/8.2.0/rv32imacxw/ilp32\libgcc.a
LOAD c:/mounriver/mounriver_studio2/resources/app/resources/win32/components/wch/toolchain/risc-v embedded gcc/bin/../lib/gcc/riscv-none-embed/8.2.0/../../../../riscv-none-embed/lib/rv32imacxw/ilp32\libc_nano.a
LOAD c:/mounriver/mounriver_studio2/resources/app/resources/win32/components/wch/toolchain/risc-v embedded gcc/bin/../lib/gcc/riscv-none-embed/8.2.0/../../../../riscv-none-embed/lib/rv32imacxw/ilp32\libnosys.a
END GROUP
                0x0000000000000800                __stack_size = 0x800
                [!provide]                        PROVIDE (_stack_size = __stack_size)

.init           0x0000000000000000        0x4
                0x0000000000000000                _sinit = .
                0x0000000000000000                . = ALIGN (0x4)
 *(SORT_NONE(.init))
 .init          0x0000000000000000        0x4 ./Startup/startup_ch32v30x_D8C.o
                0x0000000000000000                _start
                0x0000000000000004                . = ALIGN (0x4)
                0x0000000000000004                _einit = .

.vector         0x0000000000000004      0x1bc
 *(.vector)
 .vector        0x0000000000000004      0x1a0 ./Startup/startup_ch32v30x_D8C.o
                0x00000000000001c0                . = ALIGN (0x40)
 *fill*         0x00000000000001a4       0x1c 

.text           0x00000000000001c0     0x1594
                0x00000000000001c0                . = ALIGN (0x4)
 *(.text)
 .text          0x00000000000001c0       0x60 c:/mounriver/mounriver_studio2/resources/app/resources/win32/components/wch/toolchain/risc-v embedded gcc/bin/../lib/gcc/riscv-none-embed/8.2.0/rv32imacxw/ilp32\libgcc.a(save-restore.o)
                0x00000000000001c0                __riscv_save_12
                0x00000000000001c8                __riscv_save_9
                0x00000000000001c8                __riscv_save_11
                0x00000000000001c8                __riscv_save_10
                0x00000000000001c8                __riscv_save_8
                0x00000000000001d6                __riscv_save_4
                0x00000000000001d6                __riscv_save_6
                0x00000000000001d6                __riscv_save_5
                0x00000000000001d6                __riscv_save_7
                0x00000000000001f0                __riscv_save_3
                0x00000000000001f0                __riscv_save_2
                0x00000000000001f0                __riscv_save_1
                0x00000000000001f0                __riscv_save_0
                0x00000000000001fc                __riscv_restore_12
                0x0000000000000200                __riscv_restore_11
                0x0000000000000200                __riscv_restore_9
                0x0000000000000200                __riscv_restore_10
                0x0000000000000200                __riscv_restore_8
                0x000000000000020a                __riscv_restore_5
                0x000000000000020a                __riscv_restore_7
                0x000000000000020a                __riscv_restore_6
                0x000000000000020a                __riscv_restore_4
                0x0000000000000214                __riscv_restore_3
                0x0000000000000214                __riscv_restore_0
                0x0000000000000214                __riscv_restore_2
                0x0000000000000214                __riscv_restore_1
 .text          0x0000000000000220       0xa8 c:/mounriver/mounriver_studio2/resources/app/resources/win32/components/wch/toolchain/risc-v embedded gcc/bin/../lib/gcc/riscv-none-embed/8.2.0/../../../../riscv-none-embed/lib/rv32imacxw/ilp32\libg_nano.a(lib_a-memset.o)
                0x0000000000000220                memset
 *(.text.*)
 .text.USB_TestMode_Deal
                0x00000000000002c8       0xe6 ./User/usb/ch32v30x_usbhs_device.o
                0x00000000000002c8                USB_TestMode_Deal
 .text.USBHS_RCC_Init
                0x00000000000003ae       0x30 ./User/usb/ch32v30x_usbhs_device.o
                0x00000000000003ae                USBHS_RCC_Init
 .text.USBHS_Device_Endp_Init
                0x00000000000003de       0x68 ./User/usb/ch32v30x_usbhs_device.o
                0x00000000000003de                USBHS_Device_Endp_Init
 .text.USBHS_Device_Init
                0x0000000000000446       0x8e ./User/usb/ch32v30x_usbhs_device.o
                0x0000000000000446                USBHS_Device_Init
 .text.USBHS_IRQHandler
                0x00000000000004d4      0x7ae ./User/usb/ch32v30x_usbhs_device.o
                0x00000000000004d4                USBHS_IRQHandler
 .text.HID_ReportOK
                0x0000000000000c82       0x32 ./User/usb/ch32v30x_usbhs_device.o
                0x0000000000000c82                HID_ReportOK
 .text.HID_HasData
                0x0000000000000cb4        0x6 ./User/usb/ch32v30x_usbhs_device.o
                0x0000000000000cb4                HID_HasData
 .text.HID_NextData
                0x0000000000000cba       0x16 ./User/usb/ch32v30x_usbhs_device.o
                0x0000000000000cba                HID_NextData
 .text.HID_GetDataPtr
                0x0000000000000cd0        0x6 ./User/usb/ch32v30x_usbhs_device.o
                0x0000000000000cd0                HID_GetDataPtr
 .text.NMI_Handler
                0x0000000000000cd6        0x2 ./User/ch32v30x_it.o
                0x0000000000000cd6                NMI_Handler
 .text.HardFault_Handler
                0x0000000000000cd8       0x10 ./User/ch32v30x_it.o
                0x0000000000000cd8                HardFault_Handler
 .text.startup.main
                0x0000000000000ce8      0x1cc ./User/main.o
                0x0000000000000ce8                main
 .text.SystemInit
                0x0000000000000eb4       0xfa ./User/system_ch32v30x.o
                0x0000000000000eb4                SystemInit
 .text.SystemCoreClockUpdate
                0x0000000000000fae      0x12a ./User/system_ch32v30x.o
                0x0000000000000fae                SystemCoreClockUpdate
 .text.vector_handler
                0x00000000000010d8        0x2 ./Startup/startup_ch32v30x_D8C.o
                0x00000000000010d8                EXTI2_IRQHandler
                0x00000000000010d8                TIM8_TRG_COM_IRQHandler
                0x00000000000010d8                TIM8_CC_IRQHandler
                0x00000000000010d8                UART8_IRQHandler
                0x00000000000010d8                TIM1_CC_IRQHandler
                0x00000000000010d8                TIM6_IRQHandler
                0x00000000000010d8                SysTick_Handler
                0x00000000000010d8                PVD_IRQHandler
                0x00000000000010d8                SDIO_IRQHandler
                0x00000000000010d8                TIM9_BRK_IRQHandler
                0x00000000000010d8                DMA2_Channel8_IRQHandler
                0x00000000000010d8                CAN2_RX1_IRQHandler
                0x00000000000010d8                EXTI3_IRQHandler
                0x00000000000010d8                DMA2_Channel9_IRQHandler
                0x00000000000010d8                TIM10_CC_IRQHandler
                0x00000000000010d8                USBFS_IRQHandler
                0x00000000000010d8                EXTI0_IRQHandler
                0x00000000000010d8                I2C2_EV_IRQHandler
                0x00000000000010d8                TIM10_TRG_COM_IRQHandler
                0x00000000000010d8                CAN2_SCE_IRQHandler
                0x00000000000010d8                ADC1_2_IRQHandler
                0x00000000000010d8                Break_Point_Handler
                0x00000000000010d8                SPI1_IRQHandler
                0x00000000000010d8                TAMPER_IRQHandler
                0x00000000000010d8                CAN2_RX0_IRQHandler
                0x00000000000010d8                TIM8_UP_IRQHandler
                0x00000000000010d8                Ecall_M_Mode_Handler
                0x00000000000010d8                DMA2_Channel2_IRQHandler
                0x00000000000010d8                DMA1_Channel4_IRQHandler
                0x00000000000010d8                TIM9_UP_IRQHandler
                0x00000000000010d8                USART3_IRQHandler
                0x00000000000010d8                RTC_IRQHandler
                0x00000000000010d8                DMA1_Channel7_IRQHandler
                0x00000000000010d8                CAN1_RX1_IRQHandler
                0x00000000000010d8                DVP_IRQHandler
                0x00000000000010d8                UART5_IRQHandler
                0x00000000000010d8                TIM4_IRQHandler
                0x00000000000010d8                DMA2_Channel1_IRQHandler
                0x00000000000010d8                I2C1_EV_IRQHandler
                0x00000000000010d8                DMA1_Channel6_IRQHandler
                0x00000000000010d8                UART4_IRQHandler
                0x00000000000010d8                DMA2_Channel4_IRQHandler
                0x00000000000010d8                TIM3_IRQHandler
                0x00000000000010d8                RCC_IRQHandler
                0x00000000000010d8                TIM1_TRG_COM_IRQHandler
                0x00000000000010d8                DMA1_Channel1_IRQHandler
                0x00000000000010d8                DMA2_Channel7_IRQHandler
                0x00000000000010d8                EXTI15_10_IRQHandler
                0x00000000000010d8                TIM7_IRQHandler
                0x00000000000010d8                CAN2_TX_IRQHandler
                0x00000000000010d8                TIM5_IRQHandler
                0x00000000000010d8                EXTI9_5_IRQHandler
                0x00000000000010d8                ETH_WKUP_IRQHandler
                0x00000000000010d8                SPI2_IRQHandler
                0x00000000000010d8                TIM10_BRK_IRQHandler
                0x00000000000010d8                TIM9_CC_IRQHandler
                0x00000000000010d8                DMA2_Channel5_IRQHandler
                0x00000000000010d8                DMA1_Channel5_IRQHandler
                0x00000000000010d8                EXTI4_IRQHandler
                0x00000000000010d8                USB_LP_CAN1_RX0_IRQHandler
                0x00000000000010d8                RNG_IRQHandler
                0x00000000000010d8                USB_HP_CAN1_TX_IRQHandler
                0x00000000000010d8                DMA1_Channel3_IRQHandler
                0x00000000000010d8                ETH_IRQHandler
                0x00000000000010d8                TIM1_UP_IRQHandler
                0x00000000000010d8                WWDG_IRQHandler
                0x00000000000010d8                USBHSWakeup_IRQHandler
                0x00000000000010d8                DMA2_Channel11_IRQHandler
                0x00000000000010d8                Ecall_U_Mode_Handler
                0x00000000000010d8                DMA2_Channel6_IRQHandler
                0x00000000000010d8                TIM2_IRQHandler
                0x00000000000010d8                SW_Handler
                0x00000000000010d8                TIM1_BRK_IRQHandler
                0x00000000000010d8                DMA2_Channel10_IRQHandler
                0x00000000000010d8                EXTI1_IRQHandler
                0x00000000000010d8                RTCAlarm_IRQHandler
                0x00000000000010d8                TIM10_UP_IRQHandler
                0x00000000000010d8                TIM9_TRG_COM_IRQHandler
                0x00000000000010d8                UART7_IRQHandler
                0x00000000000010d8                USART2_IRQHandler
                0x00000000000010d8                UART6_IRQHandler
                0x00000000000010d8                I2C2_ER_IRQHandler
                0x00000000000010d8                DMA1_Channel2_IRQHandler
                0x00000000000010d8                TIM8_BRK_IRQHandler
                0x00000000000010d8                CAN1_SCE_IRQHandler
                0x00000000000010d8                FLASH_IRQHandler
                0x00000000000010d8                USART1_IRQHandler
                0x00000000000010d8                SPI3_IRQHandler
                0x00000000000010d8                I2C1_ER_IRQHandler
                0x00000000000010d8                USBWakeUp_IRQHandler
                0x00000000000010d8                DMA2_Channel3_IRQHandler
 .text.handle_reset
                0x00000000000010da       0x8a ./Startup/startup_ch32v30x_D8C.o
                0x00000000000010da                handle_reset
 .text.BKP_TamperPinCmd
                0x0000000000001164       0x20 ./Peripheral/src/ch32v30x_bkp.o
                0x0000000000001164                BKP_TamperPinCmd
 .text.BKP_WriteBackupRegister
                0x0000000000001184       0x1c ./Peripheral/src/ch32v30x_bkp.o
                0x0000000000001184                BKP_WriteBackupRegister
 .text.BKP_ReadBackupRegister
                0x00000000000011a0       0x1c ./Peripheral/src/ch32v30x_bkp.o
                0x00000000000011a0                BKP_ReadBackupRegister
 .text.BKP_ClearFlag
                0x00000000000011bc       0x12 ./Peripheral/src/ch32v30x_bkp.o
                0x00000000000011bc                BKP_ClearFlag
 .text.FLASH_ClearFlag
                0x00000000000011ce        0x8 ./Peripheral/src/ch32v30x_flash.o
                0x00000000000011ce                FLASH_ClearFlag
 .text.FLASH_Unlock_Fast
                0x00000000000011d6       0x1e ./Peripheral/src/ch32v30x_flash.o
                0x00000000000011d6                FLASH_Unlock_Fast
 .text.FLASH_Lock_Fast
                0x00000000000011f4        0xe ./Peripheral/src/ch32v30x_flash.o
                0x00000000000011f4                FLASH_Lock_Fast
 .text.FLASH_ErasePage_Fast
                0x0000000000001202       0x2e ./Peripheral/src/ch32v30x_flash.o
                0x0000000000001202                FLASH_ErasePage_Fast
 .text.FLASH_ProgramPage_Fast
                0x0000000000001230       0x64 ./Peripheral/src/ch32v30x_flash.o
                0x0000000000001230                FLASH_ProgramPage_Fast
 .text.GPIO_DeInit
                0x0000000000001294       0x78 ./Peripheral/src/ch32v30x_gpio.o
                0x0000000000001294                GPIO_DeInit
 .text.GPIO_Init
                0x000000000000130c       0xc0 ./Peripheral/src/ch32v30x_gpio.o
                0x000000000000130c                GPIO_Init
 .text.GPIO_ReadInputDataBit
                0x00000000000013cc        0xa ./Peripheral/src/ch32v30x_gpio.o
                0x00000000000013cc                GPIO_ReadInputDataBit
 .text.NVIC_PriorityGroupConfig
                0x00000000000013d6        0x6 ./Peripheral/src/ch32v30x_misc.o
                0x00000000000013d6                NVIC_PriorityGroupConfig
 .text.NVIC_Init
                0x00000000000013dc       0x5c ./Peripheral/src/ch32v30x_misc.o
                0x00000000000013dc                NVIC_Init
 .text.PWR_BackupAccessCmd
                0x0000000000001438       0x16 ./Peripheral/src/ch32v30x_pwr.o
                0x0000000000001438                PWR_BackupAccessCmd
 .text.RCC_AHBPeriphClockCmd
                0x000000000000144e       0x1e ./Peripheral/src/ch32v30x_rcc.o
                0x000000000000144e                RCC_AHBPeriphClockCmd
 .text.RCC_APB2PeriphClockCmd
                0x000000000000146c       0x1e ./Peripheral/src/ch32v30x_rcc.o
                0x000000000000146c                RCC_APB2PeriphClockCmd
 .text.RCC_APB1PeriphClockCmd
                0x000000000000148a       0x1e ./Peripheral/src/ch32v30x_rcc.o
                0x000000000000148a                RCC_APB1PeriphClockCmd
 .text.RCC_APB2PeriphResetCmd
                0x00000000000014a8       0x1e ./Peripheral/src/ch32v30x_rcc.o
                0x00000000000014a8                RCC_APB2PeriphResetCmd
 .text.RCC_USBHSConfig
                0x00000000000014c6       0x1a ./Peripheral/src/ch32v30x_rcc.o
                0x00000000000014c6                RCC_USBHSConfig
 .text.RCC_USBHSPLLCLKConfig
                0x00000000000014e0       0x1a ./Peripheral/src/ch32v30x_rcc.o
                0x00000000000014e0                RCC_USBHSPLLCLKConfig
 .text.RCC_USBHSPLLCKREFCLKConfig
                0x00000000000014fa       0x1a ./Peripheral/src/ch32v30x_rcc.o
                0x00000000000014fa                RCC_USBHSPLLCKREFCLKConfig
 .text.RCC_USBHSPHYPLLALIVEcmd
                0x0000000000001514       0x24 ./Peripheral/src/ch32v30x_rcc.o
                0x0000000000001514                RCC_USBHSPHYPLLALIVEcmd
 .text.RCC_USBCLK48MConfig
                0x0000000000001538       0x16 ./Peripheral/src/ch32v30x_rcc.o
                0x0000000000001538                RCC_USBCLK48MConfig
 .text.Delay_Init
                0x000000000000154e       0x26 ./Debug/debug.o
                0x000000000000154e                Delay_Init
 .text.Delay_Us
                0x0000000000001574       0x36 ./Debug/debug.o
                0x0000000000001574                Delay_Us
 .text.memcpy   0x00000000000015aa       0xb2 c:/mounriver/mounriver_studio2/resources/app/resources/win32/components/wch/toolchain/risc-v embedded gcc/bin/../lib/gcc/riscv-none-embed/8.2.0/../../../../riscv-none-embed/lib/rv32imacxw/ilp32\libg_nano.a(lib_a-memcpy.o)
                0x00000000000015aa                memcpy
 *(.rodata)
 *(.rodata*)
 .rodata.USBHS_IRQHandler
                0x000000000000165c       0x30 ./User/usb/ch32v30x_usbhs_device.o
 .rodata._ZL10usb_config
                0x000000000000168c       0x30 ./User/usb/usb_conf.o
 .rodata.MyCfgDescr_FS
                0x00000000000016bc        0x9 ./User/usb/usb_desc.o
                0x00000000000016bc                MyCfgDescr_FS
 *fill*         0x00000000000016c5        0x3 
 .rodata.MyDevDescr
                0x00000000000016c8       0x12 ./User/usb/usb_desc.o
                0x00000000000016c8                MyDevDescr
 *fill*         0x00000000000016da        0x2 
 .rodata.MyHIDReportDesc_HS
                0x00000000000016dc       0x20 ./User/usb/usb_desc.o
                0x00000000000016dc                MyHIDReportDesc_HS
 .rodata.MyManuInfo
                0x00000000000016fc        0xe ./User/usb/usb_desc.o
                0x00000000000016fc                MyManuInfo
 *fill*         0x000000000000170a        0x2 
 .rodata.MyProdInfo
                0x000000000000170c       0x28 ./User/usb/usb_desc.o
                0x000000000000170c                MyProdInfo
 .rodata.MyQuaDesc
                0x0000000000001734        0xa ./User/usb/usb_desc.o
                0x0000000000001734                MyQuaDesc
 *fill*         0x000000000000173e        0x2 
 .rodata.MySerNumInfo
                0x0000000000001740       0x14 ./User/usb/usb_desc.o
                0x0000000000001740                MySerNumInfo
 *(.gnu.linkonce.t.*)
                0x0000000000001754                . = ALIGN (0x4)

.rela.dyn       0x0000000000001754        0x0
 .rela.init     0x0000000000001754        0x0 ./User/usb/ch32v30x_usbhs_device.o
 .rela.vector   0x0000000000001754        0x0 ./User/usb/ch32v30x_usbhs_device.o
 .rela.text.handle_reset
                0x0000000000001754        0x0 ./User/usb/ch32v30x_usbhs_device.o

.fini           0x0000000000001754        0x0
 *(SORT_NONE(.fini))
                0x0000000000001754                . = ALIGN (0x4)
                [!provide]                        PROVIDE (_etext = .)
                [!provide]                        PROVIDE (_eitcm = .)

.preinit_array  0x0000000000001754        0x0
                [!provide]                        PROVIDE (__preinit_array_start = .)
 *(.preinit_array)
                [!provide]                        PROVIDE (__preinit_array_end = .)

.init_array     0x0000000000001754        0x0
                [!provide]                        PROVIDE (__init_array_start = .)
 *(SORT_BY_INIT_PRIORITY(.init_array.*) SORT_BY_INIT_PRIORITY(.ctors.*))
 *(.init_array EXCLUDE_FILE(*crtend?.o *crtend.o *crtbegin?.o *crtbegin.o) .ctors)
                [!provide]                        PROVIDE (__init_array_end = .)

.fini_array     0x0000000000001754        0x0
                [!provide]                        PROVIDE (__fini_array_start = .)
 *(SORT_BY_INIT_PRIORITY(.fini_array.*) SORT_BY_INIT_PRIORITY(.dtors.*))
 *(.fini_array EXCLUDE_FILE(*crtend?.o *crtend.o *crtbegin?.o *crtbegin.o) .dtors)
                [!provide]                        PROVIDE (__fini_array_end = .)

.ctors
 *crtbegin.o(.ctors)
 *crtbegin?.o(.ctors)
 *(EXCLUDE_FILE(*crtend?.o *crtend.o) .ctors)
 *(SORT_BY_NAME(.ctors.*))
 *(.ctors)

.dtors
 *crtbegin.o(.dtors)
 *crtbegin?.o(.dtors)
 *(EXCLUDE_FILE(*crtend?.o *crtend.o) .dtors)
 *(SORT_BY_NAME(.dtors.*))
 *(.dtors)

.dalign         0x0000000020000000        0x0 load address 0x0000000000001754
                0x0000000020000000                . = ALIGN (0x4)
                0x0000000020000000                PROVIDE (_data_vma = .)

.dlalign        0x0000000000001754        0x0
                0x0000000000001754                . = ALIGN (0x4)
                0x0000000000001754                PROVIDE (_data_lma = .)

.data           0x0000000020000000       0x90 load address 0x0000000000001754
 *(.gnu.linkonce.r.*)
 *(.data .data.*)
 .data.IFTest_Buf
                0x0000000020000000       0x35 ./User/usb/ch32v30x_usbhs_device.o
                0x0000000020000000                IFTest_Buf
 *fill*         0x0000000020000035        0x3 
 .data.TAB_USB_FS_OSC_DESC
                0x0000000020000038       0x29 ./User/usb/usb_desc.o
                0x0000000020000038                TAB_USB_FS_OSC_DESC
 *fill*         0x0000000020000061        0x3 
 .data.TAB_USB_HS_OSC_DESC
                0x0000000020000064        0x9 ./User/usb/usb_desc.o
                0x0000000020000064                TAB_USB_HS_OSC_DESC
 *fill*         0x000000002000006d        0x3 
 .data.AHBPrescTable
                0x0000000020000070       0x10 ./User/system_ch32v30x.o
                0x0000000020000070                AHBPrescTable
 *(.gnu.linkonce.d.*)
                0x0000000020000080                . = ALIGN (0x8)
                0x0000000020000880                PROVIDE (__global_pointer$ = (. + 0x800))
 *(.sdata .sdata.*)
 .sdata.MyCfgDescr_HS
                0x0000000020000080        0x4 ./User/usb/usb_conf.o
                0x0000000020000080                MyCfgDescr_HS
 .sdata.flash_program_address
                0x0000000020000084        0x4 ./User/main.o
                0x0000000020000084                flash_program_address
 .sdata.SystemCoreClock
                0x0000000020000088        0x4 ./User/system_ch32v30x.o
                0x0000000020000088                SystemCoreClock
 *(.sdata2.*)
 .sdata2.MyLangDescr
                0x000000002000008c        0x4 ./User/usb/usb_desc.o
                0x000000002000008c                MyLangDescr
 *(.gnu.linkonce.s.*)
                0x0000000020000090                . = ALIGN (0x8)
 *(.srodata.cst16)
 *(.srodata.cst8)
 *(.srodata.cst4)
 *(.srodata.cst2)
 *(.srodata .srodata.*)
                0x0000000020000090                . = ALIGN (0x4)
                0x0000000020000090                PROVIDE (_edata = .)

.bss            0x0000000020000090      0x480 load address 0x00000000000017e4
                0x0000000020000090                . = ALIGN (0x4)
                0x0000000020000090                PROVIDE (_sbss = .)
 *(.sbss*)
 .sbss.HID_IDLE
                0x0000000020000090        0x1 ./User/usb/ch32v30x_usbhs_device.o
 .sbss.USBHS_DevAddr
                0x0000000020000091        0x1 ./User/usb/ch32v30x_usbhs_device.o
                0x0000000020000091                USBHS_DevAddr
 .sbss.USBHS_DevConfig
                0x0000000020000092        0x1 ./User/usb/ch32v30x_usbhs_device.o
                0x0000000020000092                USBHS_DevConfig
 .sbss.USBHS_DevEnumStatus
                0x0000000020000093        0x1 ./User/usb/ch32v30x_usbhs_device.o
                0x0000000020000093                USBHS_DevEnumStatus
 .sbss.USBHS_DevMaxPackLen
                0x0000000020000094        0x2 ./User/usb/ch32v30x_usbhs_device.o
                0x0000000020000094                USBHS_DevMaxPackLen
 .sbss.USBHS_DevSleepStatus
                0x0000000020000096        0x1 ./User/usb/ch32v30x_usbhs_device.o
                0x0000000020000096                USBHS_DevSleepStatus
 .sbss.USBHS_DevSpeed
                0x0000000020000097        0x1 ./User/usb/ch32v30x_usbhs_device.o
                0x0000000020000097                USBHS_DevSpeed
 .sbss.USBHS_SetupReqCode
                0x0000000020000098        0x1 ./User/usb/ch32v30x_usbhs_device.o
                0x0000000020000098                USBHS_SetupReqCode
 *fill*         0x0000000020000099        0x1 
 .sbss.USBHS_SetupReqIndex
                0x000000002000009a        0x2 ./User/usb/ch32v30x_usbhs_device.o
                0x000000002000009a                USBHS_SetupReqIndex
 .sbss.USBHS_SetupReqLen
                0x000000002000009c        0x2 ./User/usb/ch32v30x_usbhs_device.o
                0x000000002000009c                USBHS_SetupReqLen
 .sbss.USBHS_SetupReqType
                0x000000002000009e        0x1 ./User/usb/ch32v30x_usbhs_device.o
                0x000000002000009e                USBHS_SetupReqType
 *fill*         0x000000002000009f        0x1 
 .sbss.USBHS_SetupReqValue
                0x00000000200000a0        0x2 ./User/usb/ch32v30x_usbhs_device.o
                0x00000000200000a0                USBHS_SetupReqValue
 .sbss.USBHS_Test_Flag
                0x00000000200000a2        0x1 ./User/usb/ch32v30x_usbhs_device.o
                0x00000000200000a2                USBHS_Test_Flag
 *fill*         0x00000000200000a3        0x1 
 .sbss.len      0x00000000200000a4        0x2 ./User/usb/ch32v30x_usbhs_device.o
 *fill*         0x00000000200000a6        0x2 
 .sbss.pUSBHS_Descr
                0x00000000200000a8        0x4 ./User/usb/ch32v30x_usbhs_device.o
                0x00000000200000a8                pUSBHS_Descr
 .sbss.report_compelete_
                0x00000000200000ac        0x1 ./User/usb/ch32v30x_usbhs_device.o
 .sbss.rx_has_data
                0x00000000200000ad        0x1 ./User/usb/ch32v30x_usbhs_device.o
                0x00000000200000ad                rx_has_data
 *fill*         0x00000000200000ae        0x2 
 .sbss.rx_len   0x00000000200000b0        0x4 ./User/usb/ch32v30x_usbhs_device.o
                0x00000000200000b0                rx_len
 .sbss.state_   0x00000000200000b4        0x1 ./User/usb/ch32v30x_usbhs_device.o
 *fill*         0x00000000200000b5        0x3 
 .sbss.NVIC_Priority_Group
                0x00000000200000b8        0x4 ./Peripheral/src/ch32v30x_misc.o
                0x00000000200000b8                NVIC_Priority_Group
 .sbss.p_ms     0x00000000200000bc        0x2 ./Debug/debug.o
 .sbss.p_us     0x00000000200000be        0x1 ./Debug/debug.o
 *(.gnu.linkonce.sb.*)
 *(.bss*)
 *fill*         0x00000000200000bf        0x1 
 .bss.USBHS_EP0_Buf
                0x00000000200000c0       0x40 ./User/usb/ch32v30x_usbhs_device.o
                0x00000000200000c0                USBHS_EP0_Buf
 .bss.USBHS_EP1_Rx_Buf
                0x0000000020000100      0x200 ./User/usb/ch32v30x_usbhs_device.o
                0x0000000020000100                USBHS_EP1_Rx_Buf
 .bss.USBHS_EP1_Tx_Buf
                0x0000000020000300      0x200 ./User/usb/ch32v30x_usbhs_device.o
                0x0000000020000300                USBHS_EP1_Tx_Buf
 .bss.USBHS_Endp_Busy
                0x0000000020000500       0x10 ./User/usb/ch32v30x_usbhs_device.o
                0x0000000020000500                USBHS_Endp_Busy
 *(.gnu.linkonce.b.*)
 *(COMMON*)
                0x0000000020000510                . = ALIGN (0x4)
                0x0000000020000510                PROVIDE (_ebss = .)
                0x0000000020000510                PROVIDE (_end = _ebss)
                [!provide]                        PROVIDE (end = .)

.stack          0x0000000020007800      0x800
                0x0000000020007800                PROVIDE (_heap_end = .)
                0x0000000020007800                . = ALIGN (0x4)
                [!provide]                        PROVIDE (_susrstack = .)
                0x0000000020008000                . = (. + __stack_size)
 *fill*         0x0000000020007800      0x800 
                0x0000000020008000                PROVIDE (_eusrstack = .)
OUTPUT(HID-Bootloader.elf elf32-littleriscv)

.debug_info     0x0000000000000000    0x165f2
 .debug_info    0x0000000000000000     0x21cf ./User/usb/ch32v30x_usbhs_device.o
 .debug_info    0x00000000000021cf     0x9bd0 ./User/usb/usb_conf.o
 .debug_info    0x000000000000bd9f      0x1cc ./User/usb/usb_desc.o
 .debug_info    0x000000000000bf6b      0xbc0 ./User/ch32v30x_it.o
 .debug_info    0x000000000000cb2b     0x1164 ./User/main.o
 .debug_info    0x000000000000dc8f      0xbb5 ./User/system_ch32v30x.o
 .debug_info    0x000000000000e844       0x22 ./Startup/startup_ch32v30x_D8C.o
 .debug_info    0x000000000000e866     0x10d3 ./Peripheral/src/ch32v30x_bkp.o
 .debug_info    0x000000000000f939     0x15c3 ./Peripheral/src/ch32v30x_flash.o
 .debug_info    0x0000000000010efc     0x12aa ./Peripheral/src/ch32v30x_gpio.o
 .debug_info    0x00000000000121a6      0xf5b ./Peripheral/src/ch32v30x_misc.o
 .debug_info    0x0000000000013101     0x101d ./Peripheral/src/ch32v30x_pwr.o
 .debug_info    0x000000000001411e     0x158a ./Peripheral/src/ch32v30x_rcc.o
 .debug_info    0x00000000000156a8      0xf4a ./Debug/debug.o

.debug_abbrev   0x0000000000000000     0x2ce9
 .debug_abbrev  0x0000000000000000      0x4fe ./User/usb/ch32v30x_usbhs_device.o
 .debug_abbrev  0x00000000000004fe      0x800 ./User/usb/usb_conf.o
 .debug_abbrev  0x0000000000000cfe       0x75 ./User/usb/usb_desc.o
 .debug_abbrev  0x0000000000000d73      0x22c ./User/ch32v30x_it.o
 .debug_abbrev  0x0000000000000f9f      0x332 ./User/main.o
 .debug_abbrev  0x00000000000012d1      0x2c0 ./User/system_ch32v30x.o
 .debug_abbrev  0x0000000000001591       0x12 ./Startup/startup_ch32v30x_D8C.o
 .debug_abbrev  0x00000000000015a3      0x2cc ./Peripheral/src/ch32v30x_bkp.o
 .debug_abbrev  0x000000000000186f      0x496 ./Peripheral/src/ch32v30x_flash.o
 .debug_abbrev  0x0000000000001d05      0x31a ./Peripheral/src/ch32v30x_gpio.o
 .debug_abbrev  0x000000000000201f      0x2da ./Peripheral/src/ch32v30x_misc.o
 .debug_abbrev  0x00000000000022f9      0x3aa ./Peripheral/src/ch32v30x_pwr.o
 .debug_abbrev  0x00000000000026a3      0x351 ./Peripheral/src/ch32v30x_rcc.o
 .debug_abbrev  0x00000000000029f4      0x2f5 ./Debug/debug.o

.debug_loc      0x0000000000000000     0x2a37
 .debug_loc     0x0000000000000000      0x339 ./User/usb/ch32v30x_usbhs_device.o
 .debug_loc     0x0000000000000339      0x1a3 ./User/main.o
 .debug_loc     0x00000000000004dc      0x163 ./User/system_ch32v30x.o
 .debug_loc     0x000000000000063f       0xd8 ./Peripheral/src/ch32v30x_bkp.o
 .debug_loc     0x0000000000000717      0xcca ./Peripheral/src/ch32v30x_flash.o
 .debug_loc     0x00000000000013e1      0x72b ./Peripheral/src/ch32v30x_gpio.o
 .debug_loc     0x0000000000001b0c       0x61 ./Peripheral/src/ch32v30x_misc.o
 .debug_loc     0x0000000000001b6d      0x278 ./Peripheral/src/ch32v30x_pwr.o
 .debug_loc     0x0000000000001de5      0xadb ./Peripheral/src/ch32v30x_rcc.o
 .debug_loc     0x00000000000028c0      0x177 ./Debug/debug.o

.debug_aranges  0x0000000000000000      0x620
 .debug_aranges
                0x0000000000000000       0x78 ./User/usb/ch32v30x_usbhs_device.o
 .debug_aranges
                0x0000000000000078       0x18 ./User/usb/usb_conf.o
 .debug_aranges
                0x0000000000000090       0x18 ./User/usb/usb_desc.o
 .debug_aranges
                0x00000000000000a8       0x28 ./User/ch32v30x_it.o
 .debug_aranges
                0x00000000000000d0       0x20 ./User/main.o
 .debug_aranges
                0x00000000000000f0       0x28 ./User/system_ch32v30x.o
 .debug_aranges
                0x0000000000000118       0x30 ./Startup/startup_ch32v30x_D8C.o
 .debug_aranges
                0x0000000000000148       0x78 ./Peripheral/src/ch32v30x_bkp.o
 .debug_aranges
                0x00000000000001c0      0x108 ./Peripheral/src/ch32v30x_flash.o
 .debug_aranges
                0x00000000000002c8       0xb0 ./Peripheral/src/ch32v30x_gpio.o
 .debug_aranges
                0x0000000000000378       0x28 ./Peripheral/src/ch32v30x_misc.o
 .debug_aranges
                0x00000000000003a0       0x88 ./Peripheral/src/ch32v30x_pwr.o
 .debug_aranges
                0x0000000000000428      0x1a8 ./Peripheral/src/ch32v30x_rcc.o
 .debug_aranges
                0x00000000000005d0       0x50 ./Debug/debug.o

.debug_ranges   0x0000000000000000      0x6e0
 .debug_ranges  0x0000000000000000       0xd0 ./User/usb/ch32v30x_usbhs_device.o
 .debug_ranges  0x00000000000000d0       0x18 ./User/ch32v30x_it.o
 .debug_ranges  0x00000000000000e8       0x80 ./User/main.o
 .debug_ranges  0x0000000000000168       0x38 ./User/system_ch32v30x.o
 .debug_ranges  0x00000000000001a0       0x28 ./Startup/startup_ch32v30x_D8C.o
 .debug_ranges  0x00000000000001c8       0x68 ./Peripheral/src/ch32v30x_bkp.o
 .debug_ranges  0x0000000000000230      0x110 ./Peripheral/src/ch32v30x_flash.o
 .debug_ranges  0x0000000000000340       0xa0 ./Peripheral/src/ch32v30x_gpio.o
 .debug_ranges  0x00000000000003e0       0x30 ./Peripheral/src/ch32v30x_misc.o
 .debug_ranges  0x0000000000000410       0xf8 ./Peripheral/src/ch32v30x_pwr.o
 .debug_ranges  0x0000000000000508      0x198 ./Peripheral/src/ch32v30x_rcc.o
 .debug_ranges  0x00000000000006a0       0x40 ./Debug/debug.o

.debug_line     0x0000000000000000     0xace4
 .debug_line    0x0000000000000000     0x1d77 ./User/usb/ch32v30x_usbhs_device.o
 .debug_line    0x0000000000001d77      0x755 ./User/usb/usb_conf.o
 .debug_line    0x00000000000024cc      0x178 ./User/usb/usb_desc.o
 .debug_line    0x0000000000002644      0x31c ./User/ch32v30x_it.o
 .debug_line    0x0000000000002960      0x942 ./User/main.o
 .debug_line    0x00000000000032a2      0x95e ./User/system_ch32v30x.o
 .debug_line    0x0000000000003c00      0x122 ./Startup/startup_ch32v30x_D8C.o
 .debug_line    0x0000000000003d22      0x6da ./Peripheral/src/ch32v30x_bkp.o
 .debug_line    0x00000000000043fc     0x2503 ./Peripheral/src/ch32v30x_flash.o
 .debug_line    0x00000000000068ff     0x12c7 ./Peripheral/src/ch32v30x_gpio.o
 .debug_line    0x0000000000007bc6      0x445 ./Peripheral/src/ch32v30x_misc.o
 .debug_line    0x000000000000800b      0xb31 ./Peripheral/src/ch32v30x_pwr.o
 .debug_line    0x0000000000008b3c     0x19f9 ./Peripheral/src/ch32v30x_rcc.o
 .debug_line    0x000000000000a535      0x7af ./Debug/debug.o

.debug_str      0x0000000000000000     0xf409
 .debug_str     0x0000000000000000     0x1820 ./User/usb/ch32v30x_usbhs_device.o
                                       0x18cf (size before relaxing)
 .debug_str     0x0000000000001820     0xc585 ./User/usb/usb_conf.o
                                       0xce7c (size before relaxing)
 .debug_str     0x000000000000dda5       0x17 ./User/usb/usb_desc.o
                                        0x246 (size before relaxing)
 .debug_str     0x000000000000ddbc       0x45 ./User/ch32v30x_it.o
                                        0x689 (size before relaxing)
 .debug_str     0x000000000000de01      0x320 ./User/main.o
                                        0xaac (size before relaxing)
 .debug_str     0x000000000000e121      0x109 ./User/system_ch32v30x.o
                                        0x6ee (size before relaxing)
 .debug_str     0x000000000000e22a       0x2e ./Startup/startup_ch32v30x_D8C.o
                                         0x5e (size before relaxing)
 .debug_str     0x000000000000e258      0x270 ./Peripheral/src/ch32v30x_bkp.o
                                        0xaa9 (size before relaxing)
 .debug_str     0x000000000000e4c8      0x473 ./Peripheral/src/ch32v30x_flash.o
                                        0xb02 (size before relaxing)
 .debug_str     0x000000000000e93b      0x24e ./Peripheral/src/ch32v30x_gpio.o
                                        0x9b4 (size before relaxing)
 .debug_str     0x000000000000eb89       0x82 ./Peripheral/src/ch32v30x_misc.o
                                        0xcbd (size before relaxing)
 .debug_str     0x000000000000ec0b      0x19b ./Peripheral/src/ch32v30x_pwr.o
                                        0x85b (size before relaxing)
 .debug_str     0x000000000000eda6      0x4fe ./Peripheral/src/ch32v30x_rcc.o
                                        0xce3 (size before relaxing)
 .debug_str     0x000000000000f2a4      0x165 ./Debug/debug.o
                                        0x925 (size before relaxing)

.comment        0x0000000000000000       0x33
 .comment       0x0000000000000000       0x33 ./User/usb/ch32v30x_usbhs_device.o
                                         0x34 (size before relaxing)
 .comment       0x0000000000000033       0x34 ./User/usb/usb_conf.o
 .comment       0x0000000000000033       0x34 ./User/usb/usb_desc.o
 .comment       0x0000000000000033       0x34 ./User/ch32v30x_it.o
 .comment       0x0000000000000033       0x34 ./User/main.o
 .comment       0x0000000000000033       0x34 ./User/system_ch32v30x.o
 .comment       0x0000000000000033       0x34 ./Peripheral/src/ch32v30x_bkp.o
 .comment       0x0000000000000033       0x34 ./Peripheral/src/ch32v30x_flash.o
 .comment       0x0000000000000033       0x34 ./Peripheral/src/ch32v30x_gpio.o
 .comment       0x0000000000000033       0x34 ./Peripheral/src/ch32v30x_misc.o
 .comment       0x0000000000000033       0x34 ./Peripheral/src/ch32v30x_pwr.o
 .comment       0x0000000000000033       0x34 ./Peripheral/src/ch32v30x_rcc.o
 .comment       0x0000000000000033       0x34 ./Debug/debug.o

.debug_frame    0x0000000000000000      0xd14
 .debug_frame   0x0000000000000000      0x140 ./User/usb/ch32v30x_usbhs_device.o
 .debug_frame   0x0000000000000140       0x30 ./User/ch32v30x_it.o
 .debug_frame   0x0000000000000170       0x50 ./User/main.o
 .debug_frame   0x00000000000001c0       0x3c ./User/system_ch32v30x.o
 .debug_frame   0x00000000000001fc       0xec ./Peripheral/src/ch32v30x_bkp.o
 .debug_frame   0x00000000000002e8      0x370 ./Peripheral/src/ch32v30x_flash.o
 .debug_frame   0x0000000000000658      0x174 ./Peripheral/src/ch32v30x_gpio.o
 .debug_frame   0x00000000000007cc       0x30 ./Peripheral/src/ch32v30x_misc.o
 .debug_frame   0x00000000000007fc       0xfc ./Peripheral/src/ch32v30x_pwr.o
 .debug_frame   0x00000000000008f8      0x344 ./Peripheral/src/ch32v30x_rcc.o
 .debug_frame   0x0000000000000c3c       0xb8 ./Debug/debug.o
 .debug_frame   0x0000000000000cf4       0x20 c:/mounriver/mounriver_studio2/resources/app/resources/win32/components/wch/toolchain/risc-v embedded gcc/bin/../lib/gcc/riscv-none-embed/8.2.0/../../../../riscv-none-embed/lib/rv32imacxw/ilp32\libg_nano.a(lib_a-memcpy.o)
